#-----------------------------------------------------------
# Vivado v2024.2 (64-bit)
# SW Build 5239630 on Fri Nov 08 22:35:27 MST 2024
# IP Build 5239520 on Sun Nov 10 16:12:51 MST 2024
# SharedData Build 5239561 on Fri Nov 08 14:39:27 MST 2024
# Start of session at: Sat Apr 25 15:59:09 2026
# Process ID         : 20780
# Current directory  : C:/Users/szymo/Desktop/AGH/SEMESTR_4/UEC2/Projekt/projekt_cyfrowka_sw_gt
# Command line       : vivado.exe -mode batch -source C:/Users/szymo/Desktop/AGH/SEMESTR_4/UEC2/Projekt/projekt_cyfrowka_sw_gt/tools/program_fpga.tcl -tclargs C:/Users/szymo/Desktop/AGH/SEMESTR_4/UEC2/Projekt/projekt_cyfrowka_sw_gt/basys_2/results/top_basys3.bit 210183795558A -notrace
# Log file           : C:/Users/szymo/Desktop/AGH/SEMESTR_4/UEC2/Projekt/projekt_cyfrowka_sw_gt/vivado.log
# Journal file       : C:/Users/szymo/Desktop/AGH/SEMESTR_4/UEC2/Projekt/projekt_cyfrowka_sw_gt\vivado.jou
# Running On         : pcszymek
# Platform           : Windows Server 2016 or Windows 10
# Operating System   : 26200
# Processor Detail   : 13th Gen Intel(R) Core(TM) i7-13650HX
# CPU Frequency      : 2803 MHz
# CPU Physical cores : 14
# CPU Logical cores  : 20
# Host memory        : 34049 MB
# Swap memory        : 2147 MB
# Total Virtual      : 36196 MB
# Available Virtual  : 15621 MB
#-----------------------------------------------------------
source C:/Users/szymo/Desktop/AGH/SEMESTR_4/UEC2/Projekt/projekt_cyfrowka_sw_gt/tools/program_fpga.tcl
